---
source: src/client/src/tests/mod.rs
expression: displayable.tree_render().to_string()
---
┌───────────────────────────┐
│       ProjectionExec      │
│    --------------------   │
│        avg_yearly:        │
│     CAST(sum(lineitem     │
│      .l_extendedprice     │
│     ) AS Float64) / 7     │
└─────────────┬─────────────┘
┌─────────────┴─────────────┐
│       AggregateExec       │
│    --------------------   │
│           aggr:           │
│        sum(lineitem       │
│        .l_extendedp       │
│           rice)           │
│                           │
│        mode: Final        │
└─────────────┬─────────────┘
┌─────────────┴─────────────┐
│   CoalescePartitionsExec  │
└─────────────┬─────────────┘
┌─────────────┴─────────────┐
│       AggregateExec       │
│    --------------------   │
│           aggr:           │
│        sum(lineitem       │
│        .l_extendedp       │
│           rice)           │
│                           │
│       mode: Partial       │
└─────────────┬─────────────┘
┌─────────────┴─────────────┐
│    CoalesceBatchesExec    │
│    --------------------   │
│     target_batch_size:    │
│           16384           │
└─────────────┬─────────────┘
┌─────────────┴─────────────┐
│        HashJoinExec       │
│    --------------------   │
│            on:            ├──────────────┐
│  (l_partkey = p_partkey)  │              │
└─────────────┬─────────────┘              │
┌─────────────┴─────────────┐┌─────────────┴─────────────┐
│   CoalescePartitionsExec  ││      RepartitionExec      │
│                           ││    --------------------   │
│                           ││ partition_count(in->out): │
│                           ││           1 -> 8          │
│                           ││                           │
│                           ││    partitioning_scheme:   │
│                           ││     RoundRobinBatch(8)    │
└─────────────┬─────────────┘└─────────────┬─────────────┘
┌─────────────┴─────────────┐┌─────────────┴─────────────┐
│       ProjectionExec      ││       ProjectionExec      │
│    --------------------   ││    --------------------   │
│     Float64(0.2) * avg    ││      l_extendedprice:     │
│         (lineitem         ││      l_extendedprice      │
│       .l_quantity):       ││                           │
│    CAST(0.2 * CAST(avg    ││        l_quantity:        │
│         (lineitem         ││         l_quantity        │
│      .l_quantity) AS      ││                           │
│   Float64) AS Decimal128  ││    p_partkey: p_partkey   │
│         (30, 15))         ││                           │
│                           ││                           │
│    l_partkey: l_partkey   ││                           │
└─────────────┬─────────────┘└─────────────┬─────────────┘
┌─────────────┴─────────────┐┌─────────────┴─────────────┐
│       AggregateExec       ││    CoalesceBatchesExec    │
│    --------------------   ││    --------------------   │
│           aggr:           ││     target_batch_size:    │
│  avg(lineitem.l_quantity) ││           16384           │
│                           ││                           │
│    group_by: l_partkey    ││                           │
│                           ││                           │
│           mode:           ││                           │
│      FinalPartitioned     ││                           │
└─────────────┬─────────────┘└─────────────┬─────────────┘
┌─────────────┴─────────────┐┌─────────────┴─────────────┐
│    CoalesceBatchesExec    ││        HashJoinExec       │
│    --------------------   ││    --------------------   │
│     target_batch_size:    ││            on:            ├──────────────┐
│           16384           ││  (p_partkey = l_partkey)  │              │
└─────────────┬─────────────┘└─────────────┬─────────────┘              │
┌─────────────┴─────────────┐┌─────────────┴─────────────┐┌─────────────┴─────────────┐
│      RepartitionExec      ││   LiquidCacheClientExec   ││   LiquidCacheClientExec   │
│    --------------------   ││    --------------------   ││    --------------------   │
│ partition_count(in->out): ││          server:          ││          server:          │
│           8 -> 8          ││  http://localhost:50051,  ││  http://localhost:50051,  │
│                           ││        mode=liquid,       ││        mode=liquid,       │
│    partitioning_scheme:   ││      object_stores=[]     ││      object_stores=[]     │
│   Hash([l_partkey@0], 8)  ││                           ││                           │
└─────────────┬─────────────┘└─────────────┬─────────────┘└─────────────┬─────────────┘
┌─────────────┴─────────────┐┌─────────────┴─────────────┐┌─────────────┴─────────────┐
│      RepartitionExec      ││       DataSourceExec      ││       DataSourceExec      │
│    --------------------   ││    --------------------   ││    --------------------   │
│ partition_count(in->out): ││          files: 1         ││          files: 1         │
│           1 -> 8          ││      format: parquet      ││      format: parquet      │
│                           ││                           ││                           │
│    partitioning_scheme:   ││         predicate:        ││                           │
│     RoundRobinBatch(8)    ││   p_brand = Brand#23 AND  ││                           │
│                           ││    p_container = MED BOX  ││                           │
└─────────────┬─────────────┘└───────────────────────────┘└───────────────────────────┘
┌─────────────┴─────────────┐
│       AggregateExec       │
│    --------------------   │
│           aggr:           │
│  avg(lineitem.l_quantity) │
│                           │
│    group_by: l_partkey    │
│       mode: Partial       │
└─────────────┬─────────────┘
┌─────────────┴─────────────┐
│   LiquidCacheClientExec   │
│    --------------------   │
│          server:          │
│  http://localhost:50051,  │
│        mode=liquid,       │
│      object_stores=[]     │
└─────────────┬─────────────┘
┌─────────────┴─────────────┐
│       DataSourceExec      │
│    --------------------   │
│          files: 1         │
│      format: parquet      │
└───────────────────────────┘
