---
source: src/client/src/tests/mod.rs
expression: displayable.tree_render().to_string()
---
┌───────────────────────────┐
│  SortPreservingMergeExec  │
│    --------------------   │
│ o_orderpriority ASC NULLS │
│            LAST           │
└─────────────┬─────────────┘
┌─────────────┴─────────────┐
│          SortExec         │
│    --------------------   │
│   o_orderpriority@0 ASC   │
│         NULLS LAST        │
└─────────────┬─────────────┘
┌─────────────┴─────────────┐
│       ProjectionExec      │
│    --------------------   │
│      o_orderpriority:     │
│      o_orderpriority      │
│                           │
│        order_count:       │
│      count(Int64(1))      │
└─────────────┬─────────────┘
┌─────────────┴─────────────┐
│       AggregateExec       │
│    --------------------   │
│       aggr: count(1)      │
│                           │
│         group_by:         │
│      o_orderpriority      │
│                           │
│           mode:           │
│      FinalPartitioned     │
└─────────────┬─────────────┘
┌─────────────┴─────────────┐
│    CoalesceBatchesExec    │
│    --------------------   │
│     target_batch_size:    │
│           16384           │
└─────────────┬─────────────┘
┌─────────────┴─────────────┐
│      RepartitionExec      │
│    --------------------   │
│ partition_count(in->out): │
│           8 -> 8          │
│                           │
│    partitioning_scheme:   │
│ Hash([o_orderpriority@0], │
│             8)            │
└─────────────┬─────────────┘
┌─────────────┴─────────────┐
│       AggregateExec       │
│    --------------------   │
│       aggr: count(1)      │
│                           │
│         group_by:         │
│      o_orderpriority      │
│                           │
│       mode: Partial       │
└─────────────┬─────────────┘
┌─────────────┴─────────────┐
│    CoalesceBatchesExec    │
│    --------------------   │
│     target_batch_size:    │
│           16384           │
└─────────────┬─────────────┘
┌─────────────┴─────────────┐
│        HashJoinExec       │
│    --------------------   │
│    join_type: LeftSemi    │
│                           ├──────────────┐
│            on:            │              │
│ (o_orderkey = l_orderkey) │              │
└─────────────┬─────────────┘              │
┌─────────────┴─────────────┐┌─────────────┴─────────────┐
│   LiquidCacheClientExec   ││   LiquidCacheClientExec   │
│    --------------------   ││    --------------------   │
│          server:          ││          server:          │
│  http://localhost:50051,  ││  http://localhost:50051,  │
│        mode=liquid,       ││        mode=liquid,       │
│      object_stores=[]     ││      object_stores=[]     │
└─────────────┬─────────────┘└─────────────┬─────────────┘
┌─────────────┴─────────────┐┌─────────────┴─────────────┐
│       DataSourceExec      ││      RepartitionExec      │
│    --------------------   ││    --------------------   │
│          files: 1         ││ partition_count(in->out): │
│      format: parquet      ││           1 -> 8          │
│                           ││                           │
│         predicate:        ││    partitioning_scheme:   │
│ o_orderdate >= 1993-07-01 ││     RoundRobinBatch(8)    │
│   AND o_orderdate < 1993  ││                           │
│           -10-01          ││                           │
└───────────────────────────┘└─────────────┬─────────────┘
                             ┌─────────────┴─────────────┐
                             │       DataSourceExec      │
                             │    --------------------   │
                             │          files: 1         │
                             │      format: parquet      │
                             │                           │
                             │         predicate:        │
                             │      l_receiptdate >      │
                             │        l_commitdate       │
                             └───────────────────────────┘
