---
source: src/client/src/tests/mod.rs
expression: displayable.tree_render().to_string()
---
┌───────────────────────────┐
│  SortPreservingMergeExec  │
│    --------------------   │
│ supp_nation ASC NULLS LAST│
│  , cust_nation ASC NULLS  │
│   LAST, l_year ASC NULLS  │
│            LAST           │
└─────────────┬─────────────┘
┌─────────────┴─────────────┐
│          SortExec         │
│    --------------------   │
│  supp_nation@0 ASC NULLS  │
│     LAST, cust_nation@1   │
│   ASC NULLS LAST, l_year  │
│     @2 ASC NULLS LAST     │
└─────────────┬─────────────┘
┌─────────────┴─────────────┐
│       ProjectionExec      │
│    --------------------   │
│        cust_nation:       │
│        cust_nation        │
│                           │
│       l_year: l_year      │
│                           │
│          revenue:         │
│    sum(shipping.volume)   │
│                           │
│        supp_nation:       │
│        supp_nation        │
└─────────────┬─────────────┘
┌─────────────┴─────────────┐
│       AggregateExec       │
│    --------------------   │
│           aggr:           │
│    sum(shipping.volume)   │
│                           │
│         group_by:         │
│ supp_nation, cust_nation, │
│           l_year          │
│                           │
│           mode:           │
│      FinalPartitioned     │
└─────────────┬─────────────┘
┌─────────────┴─────────────┐
│    CoalesceBatchesExec    │
│    --------------------   │
│     target_batch_size:    │
│           16384           │
└─────────────┬─────────────┘
┌─────────────┴─────────────┐
│      RepartitionExec      │
│    --------------------   │
│ partition_count(in->out): │
│           8 -> 8          │
│                           │
│    partitioning_scheme:   │
│    Hash([supp_nation@0,   │
│       cust_nation@1,      │
│        l_year@2], 8)      │
└─────────────┬─────────────┘
┌─────────────┴─────────────┐
│       AggregateExec       │
│    --------------------   │
│           aggr:           │
│    sum(shipping.volume)   │
│                           │
│         group_by:         │
│ supp_nation, cust_nation, │
│           l_year          │
│                           │
│       mode: Partial       │
└─────────────┬─────────────┘
┌─────────────┴─────────────┐
│       ProjectionExec      │
│    --------------------   │
│    cust_nation: n_name    │
│                           │
│          l_year:          │
│date_part(YEAR, l_shipdate)│
│                           │
│    supp_nation: n_name    │
│                           │
│          volume:          │
│ l_extendedprice * (Some(1)│
│    ,20,0 - l_discount)    │
└─────────────┬─────────────┘
┌─────────────┴─────────────┐
│    CoalesceBatchesExec    │
│    --------------------   │
│     target_batch_size:    │
│           16384           │
└─────────────┬─────────────┘
┌─────────────┴─────────────┐
│        HashJoinExec       │
│    --------------------   │
│            on:            ├──────────────┐
│(n_nationkey = c_nationkey)│              │
└─────────────┬─────────────┘              │
┌─────────────┴─────────────┐┌─────────────┴─────────────┐
│   LiquidCacheClientExec   ││       ProjectionExec      │
│    --------------------   ││    --------------------   │
│          server:          ││        c_nationkey:       │
│  http://localhost:50051,  ││        c_nationkey        │
│        mode=liquid,       ││                           │
│      object_stores=[]     ││        l_discount:        │
│                           ││         l_discount        │
│                           ││                           │
│                           ││      l_extendedprice:     │
│                           ││      l_extendedprice      │
│                           ││                           │
│                           ││        l_shipdate:        │
│                           ││         l_shipdate        │
│                           ││                           │
│                           ││       n_name: n_name      │
└─────────────┬─────────────┘└─────────────┬─────────────┘
┌─────────────┴─────────────┐┌─────────────┴─────────────┐
│       DataSourceExec      ││    CoalesceBatchesExec    │
│    --------------------   ││    --------------------   │
│          files: 1         ││     target_batch_size:    │
│      format: parquet      ││           16384           │
│                           ││                           │
│         predicate:        ││                           │
│ n_name = GERMANY OR n_name││                           │
│          = FRANCE         ││                           │
└───────────────────────────┘└─────────────┬─────────────┘
                             ┌─────────────┴─────────────┐
                             │        HashJoinExec       │
                             │    --------------------   │
                             │            on:            ├──────────────┐
                             │(n_nationkey = s_nationkey)│              │
                             └─────────────┬─────────────┘              │
                             ┌─────────────┴─────────────┐┌─────────────┴─────────────┐
                             │   LiquidCacheClientExec   ││       ProjectionExec      │
                             │    --------------------   ││    --------------------   │
                             │          server:          ││        c_nationkey:       │
                             │  http://localhost:50051,  ││        c_nationkey        │
                             │        mode=liquid,       ││                           │
                             │      object_stores=[]     ││        l_discount:        │
                             │                           ││         l_discount        │
                             │                           ││                           │
                             │                           ││      l_extendedprice:     │
                             │                           ││      l_extendedprice      │
                             │                           ││                           │
                             │                           ││        l_shipdate:        │
                             │                           ││         l_shipdate        │
                             │                           ││                           │
                             │                           ││        s_nationkey:       │
                             │                           ││        s_nationkey        │
                             └─────────────┬─────────────┘└─────────────┬─────────────┘
                             ┌─────────────┴─────────────┐┌─────────────┴─────────────┐
                             │       DataSourceExec      ││    CoalesceBatchesExec    │
                             │    --------------------   ││    --------------------   │
                             │          files: 1         ││     target_batch_size:    │
                             │      format: parquet      ││           16384           │
                             │                           ││                           │
                             │         predicate:        ││                           │
                             │ n_name = FRANCE OR n_name ││                           │
                             │         = GERMANY         ││                           │
                             └───────────────────────────┘└─────────────┬─────────────┘
                                                          ┌─────────────┴─────────────┐
                                                          │        HashJoinExec       │
                                                          │    --------------------   │
                                                          │            on:            ├──────────────┐
                                                          │  (c_custkey = o_custkey)  │              │
                                                          └─────────────┬─────────────┘              │
                                                          ┌─────────────┴─────────────┐┌─────────────┴─────────────┐
                                                          │   LiquidCacheClientExec   ││       ProjectionExec      │
                                                          │    --------------------   ││    --------------------   │
                                                          │          server:          ││        l_discount:        │
                                                          │  http://localhost:50051,  ││         l_discount        │
                                                          │        mode=liquid,       ││                           │
                                                          │      object_stores=[]     ││      l_extendedprice:     │
                                                          │                           ││      l_extendedprice      │
                                                          │                           ││                           │
                                                          │                           ││        l_shipdate:        │
                                                          │                           ││         l_shipdate        │
                                                          │                           ││                           │
                                                          │                           ││    o_custkey: o_custkey   │
                                                          │                           ││                           │
                                                          │                           ││        s_nationkey:       │
                                                          │                           ││        s_nationkey        │
                                                          └─────────────┬─────────────┘└─────────────┬─────────────┘
                                                          ┌─────────────┴─────────────┐┌─────────────┴─────────────┐
                                                          │       DataSourceExec      ││    CoalesceBatchesExec    │
                                                          │    --------------------   ││    --------------------   │
                                                          │          files: 1         ││     target_batch_size:    │
                                                          │      format: parquet      ││           16384           │
                                                          └───────────────────────────┘└─────────────┬─────────────┘
                                                                                       ┌─────────────┴─────────────┐
                                                                                       │        HashJoinExec       │
                                                                                       │    --------------------   │
                                                                                       │            on:            ├──────────────┐
                                                                                       │ (o_orderkey = l_orderkey) │              │
                                                                                       └─────────────┬─────────────┘              │
                                                                                       ┌─────────────┴─────────────┐┌─────────────┴─────────────┐
                                                                                       │   LiquidCacheClientExec   ││    CoalesceBatchesExec    │
                                                                                       │    --------------------   ││    --------------------   │
                                                                                       │          server:          ││     target_batch_size:    │
                                                                                       │  http://localhost:50051,  ││           16384           │
                                                                                       │        mode=liquid,       ││                           │
                                                                                       │      object_stores=[]     ││                           │
                                                                                       └─────────────┬─────────────┘└─────────────┬─────────────┘
                                                                                       ┌─────────────┴─────────────┐┌─────────────┴─────────────┐
                                                                                       │       DataSourceExec      ││        HashJoinExec       │
                                                                                       │    --------------------   ││    --------------------   │
                                                                                       │          files: 1         ││            on:            ├──────────────┐
                                                                                       │      format: parquet      ││  (s_suppkey = l_suppkey)  │              │
                                                                                       └───────────────────────────┘└─────────────┬─────────────┘              │
                                                                                                                    ┌─────────────┴─────────────┐┌─────────────┴─────────────┐
                                                                                                                    │   LiquidCacheClientExec   ││   LiquidCacheClientExec   │
                                                                                                                    │    --------------------   ││    --------------------   │
                                                                                                                    │          server:          ││          server:          │
                                                                                                                    │  http://localhost:50051,  ││  http://localhost:50051,  │
                                                                                                                    │        mode=liquid,       ││        mode=liquid,       │
                                                                                                                    │      object_stores=[]     ││      object_stores=[]     │
                                                                                                                    └─────────────┬─────────────┘└─────────────┬─────────────┘
                                                                                                                    ┌─────────────┴─────────────┐┌─────────────┴─────────────┐
                                                                                                                    │       DataSourceExec      ││      RepartitionExec      │
                                                                                                                    │    --------------------   ││    --------------------   │
                                                                                                                    │          files: 1         ││ partition_count(in->out): │
                                                                                                                    │      format: parquet      ││           1 -> 8          │
                                                                                                                    │                           ││                           │
                                                                                                                    │                           ││    partitioning_scheme:   │
                                                                                                                    │                           ││     RoundRobinBatch(8)    │
                                                                                                                    └───────────────────────────┘└─────────────┬─────────────┘
                                                                                                                                                 ┌─────────────┴─────────────┐
                                                                                                                                                 │       DataSourceExec      │
                                                                                                                                                 │    --------------------   │
                                                                                                                                                 │          files: 1         │
                                                                                                                                                 │      format: parquet      │
                                                                                                                                                 │                           │
                                                                                                                                                 │         predicate:        │
                                                                                                                                                 │  l_shipdate >= 1995-01-01 │
                                                                                                                                                 │   AND l_shipdate <= 1996  │
                                                                                                                                                 │           -12-31          │
                                                                                                                                                 └───────────────────────────┘
