---
source: src/client/src/tests/mod.rs
expression: displayable.tree_render().to_string()
---
┌───────────────────────────┐
│  SortPreservingMergeExec  │
│    --------------------   │
│         value DESC        │
└─────────────┬─────────────┘
┌─────────────┴─────────────┐
│          SortExec         │
│    --------------------   │
│        value@1 DESC       │
└─────────────┬─────────────┘
┌─────────────┴─────────────┐
│       ProjectionExec      │
│    --------------------   │
│        ps_partkey:        │
│         ps_partkey        │
│                           │
│           value:          │
│ sum(partsupp.ps_supplycost│
│   * partsupp.ps_availqty) │
└─────────────┬─────────────┘
┌─────────────┴─────────────┐
│     NestedLoopJoinExec    ├────────────────────────────────────────────────────────────────────────┐
└─────────────┬─────────────┘                                                                        │
┌─────────────┴─────────────┐                                                          ┌─────────────┴─────────────┐
│       ProjectionExec      │                                                          │       AggregateExec       │
│    --------------------   │                                                          │    --------------------   │
│ sum(partsupp.ps_supplycost│                                                          │           aggr:           │
│  * partsupp.ps_availqty)  │                                                          │ sum(partsupp.ps_supplycost│
│     * Float64(0.0001):    │                                                          │   * partsupp.ps_availqty) │
│   CAST(CAST(sum(partsupp  │                                                          │                           │
│      .ps_supplycost *     │                                                          │    group_by: ps_partkey   │
│          partsupp         │                                                          │                           │
│       .ps_availqty)       │                                                          │           mode:           │
│   AS Float64) * 0.0001 AS │                                                          │      FinalPartitioned     │
│     Decimal128(38, 15))   │                                                          │                           │
└─────────────┬─────────────┘                                                          └─────────────┬─────────────┘
┌─────────────┴─────────────┐                                                          ┌─────────────┴─────────────┐
│       AggregateExec       │                                                          │    CoalesceBatchesExec    │
│    --------------------   │                                                          │    --------------------   │
│           aggr:           │                                                          │     target_batch_size:    │
│ sum(partsupp.ps_supplycost│                                                          │           16384           │
│   * partsupp.ps_availqty) │                                                          │                           │
│                           │                                                          │                           │
│        mode: Final        │                                                          │                           │
└─────────────┬─────────────┘                                                          └─────────────┬─────────────┘
┌─────────────┴─────────────┐                                                          ┌─────────────┴─────────────┐
│   CoalescePartitionsExec  │                                                          │      RepartitionExec      │
│                           │                                                          │    --------------------   │
│                           │                                                          │ partition_count(in->out): │
│                           │                                                          │           8 -> 8          │
│                           │                                                          │                           │
│                           │                                                          │    partitioning_scheme:   │
│                           │                                                          │  Hash([ps_partkey@0], 8)  │
└─────────────┬─────────────┘                                                          └─────────────┬─────────────┘
┌─────────────┴─────────────┐                                                          ┌─────────────┴─────────────┐
│       AggregateExec       │                                                          │       AggregateExec       │
│    --------------------   │                                                          │    --------------------   │
│           aggr:           │                                                          │           aggr:           │
│ sum(partsupp.ps_supplycost│                                                          │ sum(partsupp.ps_supplycost│
│   * partsupp.ps_availqty) │                                                          │   * partsupp.ps_availqty) │
│                           │                                                          │                           │
│       mode: Partial       │                                                          │    group_by: ps_partkey   │
│                           │                                                          │       mode: Partial       │
└─────────────┬─────────────┘                                                          └─────────────┬─────────────┘
┌─────────────┴─────────────┐                                                          ┌─────────────┴─────────────┐
│    CoalesceBatchesExec    │                                                          │    CoalesceBatchesExec    │
│    --------------------   │                                                          │    --------------------   │
│     target_batch_size:    │                                                          │     target_batch_size:    │
│           16384           │                                                          │           16384           │
└─────────────┬─────────────┘                                                          └─────────────┬─────────────┘
┌─────────────┴─────────────┐                                                          ┌─────────────┴─────────────┐
│        HashJoinExec       │                                                          │        HashJoinExec       │
│    --------------------   │                                                          │    --------------------   │
│            on:            ├──────────────┐                                           │            on:            ├──────────────┐
│(n_nationkey = s_nationkey)│              │                                           │(n_nationkey = s_nationkey)│              │
└─────────────┬─────────────┘              │                                           └─────────────┬─────────────┘              │
┌─────────────┴─────────────┐┌─────────────┴─────────────┐                             ┌─────────────┴─────────────┐┌─────────────┴─────────────┐
│   LiquidCacheClientExec   ││      RepartitionExec      │                             │   LiquidCacheClientExec   ││       ProjectionExec      │
│    --------------------   ││    --------------------   │                             │    --------------------   ││    --------------------   │
│          server:          ││ partition_count(in->out): │                             │          server:          ││        ps_availqty:       │
│  http://localhost:50051,  ││           1 -> 8          │                             │  http://localhost:50051,  ││        ps_availqty        │
│        mode=liquid,       ││                           │                             │        mode=liquid,       ││                           │
│      object_stores=[]     ││    partitioning_scheme:   │                             │      object_stores=[]     ││        ps_partkey:        │
│                           ││     RoundRobinBatch(8)    │                             │                           ││         ps_partkey        │
│                           ││                           │                             │                           ││                           │
│                           ││                           │                             │                           ││       ps_supplycost:      │
│                           ││                           │                             │                           ││       ps_supplycost       │
│                           ││                           │                             │                           ││                           │
│                           ││                           │                             │                           ││        s_nationkey:       │
│                           ││                           │                             │                           ││        s_nationkey        │
└─────────────┬─────────────┘└─────────────┬─────────────┘                             └─────────────┬─────────────┘└─────────────┬─────────────┘
┌─────────────┴─────────────┐┌─────────────┴─────────────┐                             ┌─────────────┴─────────────┐┌─────────────┴─────────────┐
│       DataSourceExec      ││       ProjectionExec      │                             │       DataSourceExec      ││    CoalesceBatchesExec    │
│    --------------------   ││    --------------------   │                             │    --------------------   ││    --------------------   │
│          files: 1         ││        ps_availqty:       │                             │          files: 1         ││     target_batch_size:    │
│      format: parquet      ││        ps_availqty        │                             │      format: parquet      ││           16384           │
│                           ││                           │                             │                           ││                           │
│         predicate:        ││       ps_supplycost:      │                             │         predicate:        ││                           │
│      n_name = GERMANY     ││       ps_supplycost       │                             │      n_name = GERMANY     ││                           │
│                           ││                           │                             │                           ││                           │
│                           ││        s_nationkey:       │                             │                           ││                           │
│                           ││        s_nationkey        │                             │                           ││                           │
└───────────────────────────┘└─────────────┬─────────────┘                             └───────────────────────────┘└─────────────┬─────────────┘
                             ┌─────────────┴─────────────┐                                                          ┌─────────────┴─────────────┐
                             │    CoalesceBatchesExec    │                                                          │        HashJoinExec       │
                             │    --------------------   │                                                          │    --------------------   │
                             │     target_batch_size:    │                                                          │            on:            ├──────────────┐
                             │           16384           │                                                          │  (s_suppkey = ps_suppkey) │              │
                             └─────────────┬─────────────┘                                                          └─────────────┬─────────────┘              │
                             ┌─────────────┴─────────────┐                                                          ┌─────────────┴─────────────┐┌─────────────┴─────────────┐
                             │        HashJoinExec       │                                                          │   LiquidCacheClientExec   ││   LiquidCacheClientExec   │
                             │    --------------------   │                                                          │    --------------------   ││    --------------------   │
                             │            on:            │                                                          │          server:          ││          server:          │
                             │  (s_suppkey = ps_suppkey) ├──────────────┐                                           │  http://localhost:50051,  ││  http://localhost:50051,  │
                             │                           │              │                                           │        mode=liquid,       ││        mode=liquid,       │
                             │                           │              │                                           │      object_stores=[]     ││      object_stores=[]     │
                             └─────────────┬─────────────┘              │                                           └─────────────┬─────────────┘└─────────────┬─────────────┘
                             ┌─────────────┴─────────────┐┌─────────────┴─────────────┐                             ┌─────────────┴─────────────┐┌─────────────┴─────────────┐
                             │   LiquidCacheClientExec   ││   LiquidCacheClientExec   │                             │       DataSourceExec      ││      RepartitionExec      │
                             │    --------------------   ││    --------------------   │                             │    --------------------   ││    --------------------   │
                             │          server:          ││          server:          │                             │          files: 1         ││ partition_count(in->out): │
                             │  http://localhost:50051,  ││  http://localhost:50051,  │                             │      format: parquet      ││           1 -> 8          │
                             │        mode=liquid,       ││        mode=liquid,       │                             │                           ││                           │
                             │      object_stores=[]     ││      object_stores=[]     │                             │                           ││    partitioning_scheme:   │
                             │                           ││                           │                             │                           ││     RoundRobinBatch(8)    │
                             └─────────────┬─────────────┘└─────────────┬─────────────┘                             └───────────────────────────┘└─────────────┬─────────────┘
                             ┌─────────────┴─────────────┐┌─────────────┴─────────────┐                                                          ┌─────────────┴─────────────┐
                             │       DataSourceExec      ││       DataSourceExec      │                                                          │       DataSourceExec      │
                             │    --------------------   ││    --------------------   │                                                          │    --------------------   │
                             │          files: 1         ││          files: 1         │                                                          │          files: 1         │
                             │      format: parquet      ││      format: parquet      │                                                          │      format: parquet      │
                             │                           ││                           │                                                          │      predicate: true      │
                             └───────────────────────────┘└───────────────────────────┘                                                          └───────────────────────────┘
