---
source: src/client/src/tests/mod.rs
expression: displayable.tree_render().to_string()
---
┌───────────────────────────┐
│  SortPreservingMergeExec  │
│    --------------------   │
│        revenue DESC       │
└─────────────┬─────────────┘
┌─────────────┴─────────────┐
│          SortExec         │
│    --------------------   │
│       revenue@1 DESC      │
└─────────────┬─────────────┘
┌─────────────┴─────────────┐
│       ProjectionExec      │
│    --------------------   │
│       n_name: n_name      │
│                           │
│          revenue:         │
│        sum(lineitem       │
│        .l_extendedp       │
│ rice * Int64(1) - lineitem│
│        .l_discount)       │
└─────────────┬─────────────┘
┌─────────────┴─────────────┐
│       AggregateExec       │
│    --------------------   │
│            aggr           │
│                           │
│      group_by: n_name     │
│                           │
│           mode:           │
│      FinalPartitioned     │
└─────────────┬─────────────┘
┌─────────────┴─────────────┐
│    CoalesceBatchesExec    │
│    --------------------   │
│     target_batch_size:    │
│           16384           │
└─────────────┬─────────────┘
┌─────────────┴─────────────┐
│      RepartitionExec      │
│    --------------------   │
│ partition_count(in->out): │
│           8 -> 8          │
│                           │
│    partitioning_scheme:   │
│    Hash([n_name@0], 8)    │
└─────────────┬─────────────┘
┌─────────────┴─────────────┐
│       AggregateExec       │
│    --------------------   │
│            aggr           │
│                           │
│      group_by: n_name     │
│       mode: Partial       │
└─────────────┬─────────────┘
┌─────────────┴─────────────┐
│    CoalesceBatchesExec    │
│    --------------------   │
│     target_batch_size:    │
│           16384           │
└─────────────┬─────────────┘
┌─────────────┴─────────────┐
│        HashJoinExec       │
│    --------------------   │
│            on:            ├──────────────┐
│(r_regionkey = n_regionkey)│              │
└─────────────┬─────────────┘              │
┌─────────────┴─────────────┐┌─────────────┴─────────────┐
│   LiquidCacheClientExec   ││       ProjectionExec      │
│    --------------------   ││    --------------------   │
│          server:          ││        l_discount:        │
│  http://localhost:50051,  ││         l_discount        │
│        mode=liquid,       ││                           │
│      object_stores=[]     ││      l_extendedprice:     │
│                           ││      l_extendedprice      │
│                           ││                           │
│                           ││       n_name: n_name      │
│                           ││                           │
│                           ││        n_regionkey:       │
│                           ││        n_regionkey        │
└─────────────┬─────────────┘└─────────────┬─────────────┘
┌─────────────┴─────────────┐┌─────────────┴─────────────┐
│       DataSourceExec      ││    CoalesceBatchesExec    │
│    --------------------   ││    --------------------   │
│          files: 1         ││     target_batch_size:    │
│      format: parquet      ││           16384           │
│                           ││                           │
│         predicate:        ││                           │
│       r_name = ASIA       ││                           │
└───────────────────────────┘└─────────────┬─────────────┘
                             ┌─────────────┴─────────────┐
                             │        HashJoinExec       │
                             │    --------------------   │
                             │            on:            ├──────────────┐
                             │(n_nationkey = s_nationkey)│              │
                             └─────────────┬─────────────┘              │
                             ┌─────────────┴─────────────┐┌─────────────┴─────────────┐
                             │   LiquidCacheClientExec   ││       ProjectionExec      │
                             │    --------------------   ││    --------------------   │
                             │          server:          ││        l_discount:        │
                             │  http://localhost:50051,  ││         l_discount        │
                             │        mode=liquid,       ││                           │
                             │      object_stores=[]     ││      l_extendedprice:     │
                             │                           ││      l_extendedprice      │
                             │                           ││                           │
                             │                           ││        s_nationkey:       │
                             │                           ││        s_nationkey        │
                             └─────────────┬─────────────┘└─────────────┬─────────────┘
                             ┌─────────────┴─────────────┐┌─────────────┴─────────────┐
                             │       DataSourceExec      ││    CoalesceBatchesExec    │
                             │    --------------------   ││    --------------------   │
                             │          files: 1         ││     target_batch_size:    │
                             │      format: parquet      ││           16384           │
                             └───────────────────────────┘└─────────────┬─────────────┘
                                                          ┌─────────────┴─────────────┐
                                                          │        HashJoinExec       │
                                                          │    --------------------   │
                                                          │            on:            │
                                                          │ (s_suppkey = l_suppkey),  ├──────────────┐
                                                          │       (s_nationkey =      │              │
                                                          │        c_nationkey)       │              │
                                                          └─────────────┬─────────────┘              │
                                                          ┌─────────────┴─────────────┐┌─────────────┴─────────────┐
                                                          │   LiquidCacheClientExec   ││      RepartitionExec      │
                                                          │    --------------------   ││    --------------------   │
                                                          │          server:          ││ partition_count(in->out): │
                                                          │  http://localhost:50051,  ││           1 -> 8          │
                                                          │        mode=liquid,       ││                           │
                                                          │      object_stores=[]     ││    partitioning_scheme:   │
                                                          │                           ││     RoundRobinBatch(8)    │
                                                          └─────────────┬─────────────┘└─────────────┬─────────────┘
                                                          ┌─────────────┴─────────────┐┌─────────────┴─────────────┐
                                                          │       DataSourceExec      ││    CoalesceBatchesExec    │
                                                          │    --------------------   ││    --------------------   │
                                                          │          files: 1         ││     target_batch_size:    │
                                                          │      format: parquet      ││           16384           │
                                                          └───────────────────────────┘└─────────────┬─────────────┘
                                                                                       ┌─────────────┴─────────────┐
                                                                                       │        HashJoinExec       │
                                                                                       │    --------------------   │
                                                                                       │            on:            ├───────────────────────────────────────────┐
                                                                                       │ (o_orderkey = l_orderkey) │                                           │
                                                                                       └─────────────┬─────────────┘                                           │
                                                                                       ┌─────────────┴─────────────┐                             ┌─────────────┴─────────────┐
                                                                                       │   CoalescePartitionsExec  │                             │   LiquidCacheClientExec   │
                                                                                       │                           │                             │    --------------------   │
                                                                                       │                           │                             │          server:          │
                                                                                       │                           │                             │  http://localhost:50051,  │
                                                                                       │                           │                             │        mode=liquid,       │
                                                                                       │                           │                             │      object_stores=[]     │
                                                                                       └─────────────┬─────────────┘                             └─────────────┬─────────────┘
                                                                                       ┌─────────────┴─────────────┐                             ┌─────────────┴─────────────┐
                                                                                       │    CoalesceBatchesExec    │                             │       DataSourceExec      │
                                                                                       │    --------------------   │                             │    --------------------   │
                                                                                       │     target_batch_size:    │                             │          files: 1         │
                                                                                       │           16384           │                             │      format: parquet      │
                                                                                       └─────────────┬─────────────┘                             └───────────────────────────┘
                                                                                       ┌─────────────┴─────────────┐
                                                                                       │        HashJoinExec       │
                                                                                       │    --------------------   │
                                                                                       │            on:            ├──────────────┐
                                                                                       │  (c_custkey = o_custkey)  │              │
                                                                                       └─────────────┬─────────────┘              │
                                                                                       ┌─────────────┴─────────────┐┌─────────────┴─────────────┐
                                                                                       │   LiquidCacheClientExec   ││   LiquidCacheClientExec   │
                                                                                       │    --------------------   ││    --------------------   │
                                                                                       │          server:          ││          server:          │
                                                                                       │  http://localhost:50051,  ││  http://localhost:50051,  │
                                                                                       │        mode=liquid,       ││        mode=liquid,       │
                                                                                       │      object_stores=[]     ││      object_stores=[]     │
                                                                                       └─────────────┬─────────────┘└─────────────┬─────────────┘
                                                                                       ┌─────────────┴─────────────┐┌─────────────┴─────────────┐
                                                                                       │       DataSourceExec      ││      RepartitionExec      │
                                                                                       │    --------------------   ││    --------------------   │
                                                                                       │          files: 1         ││ partition_count(in->out): │
                                                                                       │      format: parquet      ││           1 -> 8          │
                                                                                       │                           ││                           │
                                                                                       │                           ││    partitioning_scheme:   │
                                                                                       │                           ││     RoundRobinBatch(8)    │
                                                                                       └───────────────────────────┘└─────────────┬─────────────┘
                                                                                                                    ┌─────────────┴─────────────┐
                                                                                                                    │       DataSourceExec      │
                                                                                                                    │    --------------------   │
                                                                                                                    │          files: 1         │
                                                                                                                    │      format: parquet      │
                                                                                                                    │                           │
                                                                                                                    │         predicate:        │
                                                                                                                    │ o_orderdate >= 1994-01-01 │
                                                                                                                    │   AND o_orderdate < 1995  │
                                                                                                                    │           -01-01          │
                                                                                                                    └───────────────────────────┘
