---
source: src/client/src/tests/mod.rs
expression: displayable.tree_render().to_string()
---
┌───────────────────────────┐
│  SortPreservingMergeExec  │
│    --------------------   │
│ l_shipmode ASC NULLS LAST │
└─────────────┬─────────────┘
┌─────────────┴─────────────┐
│          SortExec         │
│    --------------------   │
│l_shipmode@0 ASC NULLS LAST│
└─────────────┬─────────────┘
┌─────────────┴─────────────┐
│       ProjectionExec      │
│    --------------------   │
│      high_line_count:     │
│    sum(CASE WHEN orders   │
│     .o_orderpriority =    │
│     Utf8("1-URGENT") OR   │
│    orders.o_orderpriorit  │
│  y = Utf8("2-HIGH") THEN  │
│    Int64(1) ELSE Int64(0  │
│           ) END)          │
│                           │
│        l_shipmode:        │
│         l_shipmode        │
│                           │
│      low_line_count:      │
│    sum(CASE WHEN orders   │
│    .o_orderpriority !=    │
│    Utf8("1-URGENT") AND   │
│    orders.o_orderpriorit  │
│  y != Utf8("2-HIGH") THEN │
│   Int64(1) ELSE Int64(0)  │
│            END)           │
└─────────────┬─────────────┘
┌─────────────┴─────────────┐
│       AggregateExec       │
│    --------------------   │
│           aggr:           │
│    sum(CASE WHEN orders   │
│     .o_orderpriority =    │
│     1-URGENT OR orders    │
│    .o_orderpriority = 2   │
│ -HIGH THEN 1 ELSE 0 END), │
│    sum(CASE WHEN orders   │
│   .o_orderpriority != 1   │
│     -URGENT AND orders    │
│     .o_orderpriority !    │
│   = 2-HIGH THEN 1 ELSE 0  │
│            END)           │
│                           │
│    group_by: l_shipmode   │
│                           │
│           mode:           │
│      FinalPartitioned     │
└─────────────┬─────────────┘
┌─────────────┴─────────────┐
│    CoalesceBatchesExec    │
│    --------------------   │
│     target_batch_size:    │
│           16384           │
└─────────────┬─────────────┘
┌─────────────┴─────────────┐
│      RepartitionExec      │
│    --------------------   │
│ partition_count(in->out): │
│           8 -> 8          │
│                           │
│    partitioning_scheme:   │
│  Hash([l_shipmode@0], 8)  │
└─────────────┬─────────────┘
┌─────────────┴─────────────┐
│       AggregateExec       │
│    --------------------   │
│           aggr:           │
│    sum(CASE WHEN orders   │
│     .o_orderpriority =    │
│     1-URGENT OR orders    │
│    .o_orderpriority = 2   │
│ -HIGH THEN 1 ELSE 0 END), │
│    sum(CASE WHEN orders   │
│   .o_orderpriority != 1   │
│     -URGENT AND orders    │
│     .o_orderpriority !    │
│   = 2-HIGH THEN 1 ELSE 0  │
│            END)           │
│                           │
│    group_by: l_shipmode   │
│       mode: Partial       │
└─────────────┬─────────────┘
┌─────────────┴─────────────┐
│       ProjectionExec      │
│    --------------------   │
│        l_shipmode:        │
│         l_shipmode        │
│                           │
│      o_orderpriority:     │
│      o_orderpriority      │
└─────────────┬─────────────┘
┌─────────────┴─────────────┐
│    CoalesceBatchesExec    │
│    --------------------   │
│     target_batch_size:    │
│           16384           │
└─────────────┬─────────────┘
┌─────────────┴─────────────┐
│        HashJoinExec       │
│    --------------------   │
│            on:            ├──────────────┐
│ (o_orderkey = l_orderkey) │              │
└─────────────┬─────────────┘              │
┌─────────────┴─────────────┐┌─────────────┴─────────────┐
│   LiquidCacheClientExec   ││   LiquidCacheClientExec   │
│    --------------------   ││    --------------------   │
│          server:          ││          server:          │
│  http://localhost:50051,  ││  http://localhost:50051,  │
│        mode=liquid,       ││        mode=liquid,       │
│      object_stores=[]     ││      object_stores=[]     │
└─────────────┬─────────────┘└─────────────┬─────────────┘
┌─────────────┴─────────────┐┌─────────────┴─────────────┐
│       DataSourceExec      ││      RepartitionExec      │
│    --------------------   ││    --------------------   │
│          files: 1         ││ partition_count(in->out): │
│      format: parquet      ││           1 -> 8          │
│                           ││                           │
│                           ││    partitioning_scheme:   │
│                           ││     RoundRobinBatch(8)    │
└───────────────────────────┘└─────────────┬─────────────┘
                             ┌─────────────┴─────────────┐
                             │       DataSourceExec      │
                             │    --------------------   │
                             │          files: 1         │
                             │      format: parquet      │
                             │                           │
                             │         predicate:        │
                             │   (l_shipmode = MAIL OR   │
                             │     l_shipmode = SHIP)    │
                             │     AND l_receiptdate >   │
                             │      l_commitdate AND     │
                             │        l_shipdate <       │
                             │      l_commitdate AND     │
                             │  l_receiptdate >= 1994-01 │
                             │  -01 AND l_receiptdate <  │
                             │         1995-01-01        │
                             └───────────────────────────┘
