---
source: src/server/src/tests/mod.rs
expression: eager
---
+----+
| OS |
+----+
| 44 |
| 44 |
| 44 |
| 44 |
| 44 |
| 2  |
| 2  |
| 2  |
| 2  |
| 2  |
| 2  |
+----+
