---
source: src/server/src/tests/cases.rs
expression: result
---
+----+
| id |
+----+
| 0  |
+----+
