---
source: src/server/src/tests/mod.rs
expression: eager
---
+----------+
| count(*) |
+----------+
| 23113    |
+----------+
