---
source: src/server/src/tests/mod.rs
expression: eager
---
+----------------------------------------------------------------+-----------------------------------------------------------+
| min(hits.Referer)                                              | max(hits.Referer)                                         |
+----------------------------------------------------------------+-----------------------------------------------------------+
| http://tambov.irr.ru/avtoma-gorod55.ru/cars/micros/out-of-town | https://go.mail/folder-1/online.ru/search?text=скачать из |
+----------------------------------------------------------------+-----------------------------------------------------------+
