---
source: src/local/src/tests/mod.rs
expression: "format!(\"plan: \\n{}\\nvalues: \\n{}\\nstats:\\n{}\", plan, values, stats)"
---
plan: 
┌───────────────────────────┐
│       ProjectionExec      │
│    --------------------   │
│         count(*):         │
│      count(Int64(1))      │
└─────────────┬─────────────┘
┌─────────────┴─────────────┐
│       AggregateExec       │
│    --------------------   │
│       aggr: count(1)      │
│        mode: Final        │
└─────────────┬─────────────┘
┌─────────────┴─────────────┐
│   CoalescePartitionsExec  │
└─────────────┬─────────────┘
┌─────────────┴─────────────┐
│       AggregateExec       │
│    --------------------   │
│       aggr: count(1)      │
│       mode: Partial       │
└─────────────┬─────────────┘
┌─────────────┴─────────────┐
│      RepartitionExec      │
│    --------------------   │
│ partition_count(in->out): │
│           1 -> 4          │
│                           │
│    partitioning_scheme:   │
│     RoundRobinBatch(4)    │
└─────────────┬─────────────┘
┌─────────────┴─────────────┐
│       DataSourceExec      │
│    --------------------   │
│          files: 1         │
│                           │
│          format:          │
│       liquid_parquet      │
└───────────────────────────┘

values: 
+----------+
| count(*) |
+----------+
| 23113    |
+----------+
stats:
entries.total: 4
entries.after_first_run: 4
entries.memory.arrow: 2
entries.memory.liquid: 1
entries.memory.hybrid_liquid: 1
entries.disk.liquid: 0
entries.disk.arrow: 0
usage.memory_bytes: 928302
usage.disk_bytes: 146656
runtime.get_arrow_array_calls: 0
runtime.get_with_selection_calls: 0
runtime.get_with_predicate_calls: 4
runtime.get_predicate_hybrid_success: 0
runtime.get_predicate_hybrid_needs_io: 1
runtime.get_predicate_hybrid_unsupported: 1
runtime.try_read_liquid_calls: 0
