---
source: src/liquid_parquet/src/tests/mod.rs
expression: "format!(\"plan: \\n{}\\nvalues: \\n{}\", plan, reference)"
---
plan: 
┌───────────────────────────┐
│       SortExec(TopK)      │
│    --------------------   │
│       WatchID@0 DESC      │
│                           │
│         limit: 10         │
└─────────────┬─────────────┘
┌─────────────┴─────────────┐
│       DataSourceExec      │
│    --------------------   │
│          files: 1         │
│                           │
│          format:          │
│       liquid_parquet      │
└───────────────────────────┘

values: 
+---------------------+----+------------+
| WatchID             | OS | EventTime  |
+---------------------+----+------------+
| 9223293557789499343 | 44 | 1373872327 |
| 9223247512111991176 | 44 | 1373911908 |
| 9223229607482000671 | 77 | 1373833003 |
| 9222952846921702972 | 44 | 1373889267 |
| 9222910629637340291 | 77 | 1373836473 |
| 9222450121739726704 | 44 | 1373913677 |
| 9222148957862209006 | 44 | 1373901630 |
| 9221544107040413752 | 44 | 1373876943 |
| 9221368504820084611 | 44 | 1373865339 |
| 9221104190405362536 | 44 | 1373852020 |
+---------------------+----+------------+
