---
source: src/local/src/tests/mod.rs
expression: "format!(\"plan: \\n{}\\nvalues: \\n{}\\nstats:\\n{}\", plan, values, stats)"
---
plan: 
┌───────────────────────────┐
│          SortExec         │
│    --------------------   │
│         OS@0 DESC         │
└─────────────┬─────────────┘
┌─────────────┴─────────────┐
│       DataSourceExec      │
│    --------------------   │
│          files: 1         │
│                           │
│          format:          │
│       liquid_parquet      │
└───────────────────────────┘

values: 
+----+
| OS |
+----+
| 44 |
| 44 |
| 44 |
| 44 |
| 44 |
| 2  |
| 2  |
| 2  |
| 2  |
| 2  |
| 2  |
+----+
stats:
entries.total: 8
entries.after_first_run: 8
entries.memory.arrow: 3
entries.memory.liquid: 3
entries.memory.hybrid_liquid: 2
entries.disk.liquid: 0
entries.disk.arrow: 0
usage.memory_bytes: 949170
usage.disk_bytes: 154888
runtime.get_arrow_array_calls: 0
runtime.get_with_selection_calls: 3
runtime.get_with_predicate_calls: 4
runtime.get_predicate_hybrid_success: 0
runtime.get_predicate_hybrid_needs_io: 1
runtime.get_predicate_hybrid_unsupported: 1
runtime.try_read_liquid_calls: 0
