---
source: src/local/src/tests/mod.rs
expression: "format!(\"plan: \\n{}\\nvalues: \\n{}\\nstats:\\n{}\", plan, values, stats)"
---
plan: 
┌───────────────────────────┐
│          SortExec         │
│    --------------------   │
│       Referer@0 DESC      │
└─────────────┬─────────────┘
┌─────────────┴─────────────┐
│       DataSourceExec      │
│    --------------------   │
│          files: 1         │
│                           │
│          format:          │
│       liquid_parquet      │
└───────────────────────────┘

values: 
+---------------------------------------------------------------------------------------------------------+
| Referer                                                                                                 |
+---------------------------------------------------------------------------------------------------------+
| https://go.mail/folder-1/online.ru/search?text=скачать из                                               |
| http://tambov.irr.ru/registrict=2660628&cbv=r2013%2F&ei                                                 |
| http://tambov.irr.ru/registrict=2660628&cbv=r2013%2F&ei                                                 |
| http://tambov.irr.ru/registrict=2660628&cbv=r2013%26ev_positions/2/transmittaD3xnA%26ad%3D1%26bid%3D400 |
| http://tambov.irr.ru/registrict=2660628&cbv=r2013%26ev_pl%3Dh%26utm_source=view.php                     |
| http://tambov.irr.ru/registrict=2660628&cbv=r2013%26ev_pl%3Dh%26utm_source=view.php                     |
| http://tambov.irr.ru/filmId=BcVrXpM5UXI&where=any&numphoto                                              |
| http://tambov.irr.ru/filmId=BcVrXpM5UXI&where=any&numphoto                                              |
| http://tambov.irr.ru/avtoma-gorod55.ru/cars/micros/out-of-town                                          |
| http://tambov.irr.ru/avtoma-gorod55.ru/cars/micros/out-of-town                                          |
+---------------------------------------------------------------------------------------------------------+
stats:
entries.total: 8
entries.after_first_run: 8
entries.memory.arrow: 3
entries.memory.liquid: 0
entries.memory.hybrid_liquid: 1
entries.disk.liquid: 3
entries.disk.arrow: 1
usage.memory_bytes: 1045880
usage.disk_bytes: 1276848
runtime.get_arrow_array_calls: 0
runtime.get_with_selection_calls: 2
runtime.get_with_predicate_calls: 8
runtime.get_predicate_hybrid_success: 0
runtime.get_predicate_hybrid_needs_io: 1
runtime.get_predicate_hybrid_unsupported: 1
runtime.try_read_liquid_calls: 0
